../Core/Src/LCD_Driver.c:33:6:LCD_GPIO_Init	56	static
../Core/Src/LCD_Driver.c:116:6:LTCD_Layer_Init	72	static
../Core/Src/LCD_Driver.c:143:6:clearScreen	8	static
../Core/Src/LCD_Driver.c:148:6:LTCD__Init	8	static
../Core/Src/LCD_Driver.c:207:6:LCD_Draw_Pixel	16	static
../Core/Src/LCD_Driver.c:221:6:LCD_Draw_Circle_Fill	32	static
../Core/Src/LCD_Driver.c:235:6:LCD_Draw_Vertical_Line	32	static
../Core/Src/LCD_Driver.c:245:6:LCD_Clear	24	static
../Core/Src/LCD_Driver.c:258:6:LCD_SetTextColor	16	static
../Core/Src/LCD_Driver.c:264:6:LCD_SetFont	16	static
../Core/Src/LCD_Driver.c:270:6:LCD_Draw_Char	24	static
../Core/Src/LCD_Driver.c:290:6:LCD_DisplayChar	16	static
../Core/Src/LCD_Driver.c:297:6:LCD_Draw_Row_Lines	32	static
../Core/Src/LCD_Driver.c:306:6:LCD_Draw_All_Shapes	24	static
../Core/Src/LCD_Driver.c:530:6:LCD_DrawTetromino	24	static
../Core/Src/LCD_Driver.c:540:6:LCD_TetrisDrawGrid	16	static
../Core/Src/LCD_Driver.c:551:6:Tetris_Draw_Grid	24	static
../Core/Src/LCD_Driver.c:571:6:LCD_DrawMainMenu	16	static
../Core/Src/LCD_Driver.c:607:6:MainMenuDemo	8	static
../Core/Src/LCD_Driver.c:627:6:GameplayDemo	8	static
../Core/Src/LCD_Driver.c:637:6:GameOverDemo	24	static
../Core/Src/LCD_Driver.c:671:6:LCD_Error_Handler	4	static,ignoring_inline_asm
../Core/Src/LCD_Driver.c:686:6:InitializeLCDTouch	8	static
../Core/Src/LCD_Driver.c:694:18:returnTouchStateAndLocation	16	static
../Core/Src/LCD_Driver.c:699:6:DetermineTouchPosition	16	static
../Core/Src/LCD_Driver.c:704:9:ReadRegisterFromTouchModule	16	static
../Core/Src/LCD_Driver.c:709:6:WriteDataToTouchModule	16	static
