../Core/Src/Tetris_Game.c:248:7:Tetris_GameLoop	8	static
../Core/Src/Tetris_Game.c:286:7:TimePlaying	16	static
../Core/Src/Tetris_Game.c:298:6:Tetris_Init	8	static
../Core/Src/Tetris_Game.c:305:6:Tetris_GenerateTetromino	8	static
../Core/Src/Tetris_Game.c:316:6:Tetris_PlaceTetromino	24	static
../Core/Src/Tetris_Game.c:330:6:Tetris_CheckCollision	16	static
../Core/Src/Tetris_Game.c:346:6:Tetris_RotateBlock	24	static
../Core/Src/Tetris_Game.c:370:6:Tetris_MoveBlockDown	16	static
../Core/Src/Tetris_Game.c:385:6:Tetris_PlayGame	8	static
